17
72
1
-4
6
60
26
2
-30
-2
10
15
0
8