Kaahhh..meehhhhh...
haa..meehhhhh...
HAAAAAAAAAAAAA!
