slam
slam
slam
dank
slam
slam
slam
dank
slam
slam
slam
dank
memes
slam
slam
slam
dank
slam
slam
slam
dank
slam
slam
slam
dank
memes
slam
slam
slam
dank
slam
slam
slam
dank
slam
slam
slam
dank
memes
